// Jest Snapshot v1, https://goo.gl/fbAQLP

exports[`verticalize verticalizes text 1`] = `
".　 Ｄ
  ｉ
  ｓ
  ｃ
  ｏ
  ｒ
２ゲｄ
０ー（
１マデ
８ーィ
年向ス
５けコ
月のー
１音ド
６声）
日通と
時話は
点・、
でＶＷ
、ｏｉ
ユＩｎ
ーＰｄ
ザフｏ
ーリｗ
数ーｓ
がソ、
１フｍ
億トａ
３ウｃ
千ェＯ
万アＳ
人。、
を　Ａ
上　ｎ
回　ｄ
っ　ｒ
て　ｏ
い　ｉ
る　ｄ
。　、
　　ｉ
　　Ｏ
　　Ｓ
　　、
　　Ｌ
　　ｉ
　　ｎ
　　ｕ
　　ｘ
　　、
　　Ｗ
　　ｅ
　　ｂ
　　ブ
　　ラ
　　ウ
　　ザ
　　で
　　動
　　作
　　す
　　る
　　、
"
`;
