// Jest Snapshot v1, https://goo.gl/fbAQLP

exports[`Wikipedia searches an article of wikipedia with specific keyword 1`] = `"{\\"raw\\":{\\"pageid\\":3553115,\\"ns\\":0,\\"title\\":\\"Discord (ソフトウェア)\\",\\"contentmodel\\":\\"wikitext\\",\\"pagelanguage\\":\\"ja\\",\\"pagelanguagehtmlcode\\":\\"ja\\",\\"pagelanguagedir\\":\\"ltr\\",\\"touched\\":\\"2018-07-13T19:45:49Z\\",\\"lastrevid\\":69196379,\\"length\\":3290,\\"fullurl\\":\\"https://ja.wikipedia.org/wiki/Discord_(%E3%82%BD%E3%83%95%E3%83%88%E3%82%A6%E3%82%A7%E3%82%A2)\\",\\"editurl\\":\\"https://ja.wikipedia.org/w/index.php?title=Discord_(%E3%82%BD%E3%83%95%E3%83%88%E3%82%A6%E3%82%A7%E3%82%A2)&action=edit\\",\\"canonicalurl\\":\\"https://ja.wikipedia.org/wiki/Discord_(%E3%82%BD%E3%83%95%E3%83%88%E3%82%A6%E3%82%A7%E3%82%A2)\\"}}"`;
